**Status: GAPS.** The assembly strategy is complete, but `slice-graph.md` has defects that the Plan Integrator must fix before wave 2 starts. The plan is in `specialists/integration-plan.md`.

- **Verdict:** `PLAN_READY`. There are 10 ordered steps:
  - **S09 (phase 1):** foundation, then market, data and ui, then a phase 1 checkpoint that includes the live ERCOT check.
  - **S12 (phase 2):** lonestar.
  - **S18 (stretch):** adversary, then backtest from the S16 commit, then the Rust core from the S17 commit only if its benchmark wins, then the final candidate.

  Each step has entry criteria, a check that no frozen contract changed, the checks after the merge, and a rollback that reverts the merge commit. To merge a repaired lane again, revert the revert commit first.
- **candidate_ref:** none. This was the planning session. The planning revision is `43429d307d55447f3f0be99a56ebd7572e66eb3a`.
- **changed_paths:** `docs/plans/2026-09-25-gridmarket/specialists/integration-plan.md` only. I did not commit, as the task authority said.
- **tests:** I parsed the `integration_plan` JSON block. All 12 required keys are present, each step has all 8 of its fields, the orders run 1 to 10, and the slices are only S09, S12 and S18. I also saw on this machine: Docker Compose 2.40.3 and gitleaks 8.30.1.
- **Merge authority:** the Integration Engineer writes only merge commits, revert commits, its evidence files, and normal pushes of `gridmarket/integration`. Any conflict that is more than whitespace goes back to the lane.
- **findings** (exact corrected text is in the file):
  - **CF-01 (high):** No step merges S01 into `gridmarket/integration`. Wave 2 lanes would branch without the foundation.
  - **CF-02 (high):** The frozen `main.py` imports lane modules that do not exist yet. S01 must add placeholder modules to its write set.
  - **CF-03 (high):** Every smoke run started with ERCOT credentials starts its own poller. Two pollers go over ERCOT's 30 requests/minute limit. Only one credentialed process may run at a time, and smoke runs have no credentials.
  - **CF-04 / CF-05:** The port 8000, Compose project, volume and SQLite path collisions are not covered. Each smoke run needs its own port and project, and `GRIDMARKET_PORT` must be added.
  - **CF-06 (high):** The red Rust parity tests from S15 would come in with the backtest-only merge and turn the integrated branch red.
  - **CF-07:** The `S14/S17 --> S18` dependencies contradict the rule to drop lanes at Sun 04:30.
  - **CF-08:** `env_file: ../.env` makes Compose fail in lane worktrees, which have no `.env`. The fix is `required: false`.
  - **CF-09:** The pending delta (DEC-GM-017 and DEC-GM-019: NWS drivers, the ML lane, the Spec lane) has no slices or assembly steps. The Spec lane would also make a fourth concurrent lane.
  - **CF-10, CF-11:** Minor `.gitignore` and read/write guard items.
  - **CF-12:** Write sets within each wave do not overlap, so parallel lanes never write the same file.
- **Input drift:** a GitHub remote already exists, recorded in DEC-GM-018 (`origin` = `1wgrumph/gridmarket`). The remote no longer blocks any work. Making the repository public is still your action.
- **Owner dependencies:**
  - **ERCOT key:** blocks only the phase 1 live check and acceptance. No lane slice needs it.
  - **Tunnel credentials:** block the acceptance runs and the recording.
  - **Public flip:** comes after the final candidate is declared.
  - **Order decision:** you only need to decide if phase 2 (S12) is still open at Sun 02:00: may stretch lanes merge before it? Until you answer, the order stays strict.
- **blocker:** nothing blocks the plan. Wave 2 dispatch is blocked until CF-01, CF-02 and CF-06 are corrected.
exit=0
