muse: workspace root: /home/spectre/alphazede/Hackathons/Base (cwd default)
muse: workspace trust: trusted source=run-flag
muse: Skills: 67 loaded · 1 warning
muse:   `skills_catalog` was trimmed to fit its size limit (32 KB): 16 descriptions compacted, 0 skill ids omitted
muse:   Run `muse skills list --source all` for full diagnostics.
PLAN_REVIEW_READY

Verdict: the 51-slice scope-reopen package is reconciled — `implementation.json` regenerated from the current slice graph, seit re-issue, IE plan, views, and journey; freeze PASS with zero findings; manifest rendered; schema valid. (The one naive substring check above was my own check's bug: no `max_concurrent_lanes` key exists; the single mention is prose stating the cap is removed per DEC-GM-039.)

changed_paths:
- `docs/plans/2026-09-25-gridmarket/implementation.json` (regenerated: 51 slices, 74 deps, 103-row traceability, phase assurance, 5 authority rows)
- `docs/plans/2026-09-25-gridmarket/gridmarket-dod-manifest.html` (regenerated, template 1.0.1)
- `docs/plans/2026-09-25-gridmarket/seit.json` (only six `planning_inputs[].sha256` values)
- `docs/plans/2026-09-25-gridmarket/specialists/plan-integrator-receipt.md` ("Scope-reopen delta" section appended)

tests:
- `plan-package.cjs docs/plans/2026-09-25-gridmarket` → PASS, zero findings, manifest digest `cea7bcbd…9730e`
- `render-dod-manifest.mjs implementation.json` → RENDER_WRITE `sha256:5f70ebe3…`; `--check` → RENDER_CHECK_PASS
- `jsonschema` Draft 2020-12 vs `implementation.schema.json` → schema OK
- Generator + independent assertions: 51 slices, 74 edges (60 plain / 5 lane-sync / 1 slip / 1 defer / 7 drop), 103/103 req IDs and 37/37 design IDs resolve, actor match on every command, goals ≤512, owner procedures in 0 slice command_ids, waves cover 51, `phase_assurance` deep-equals seit, `integration_plan` byte-mechanically copied

findings:
- Six stale seit digests recomputed (tech plan, design, slice-graph, v2/v3 SVG, views.json — RE r3/CF/SM5 landed after the TE run); TE4's file style preserved
- Ten goals compressed to ≤512 chars with verbatim detail in `notes`; all slices `judgement`
- Spec lane keeps coverage_assist/reverify disabled per the reused DEC-GM-024 override; all other slices `{reviewer: phase, assurance: phase, coverage_assist: enabled-not-required}`
- Frontend entries extended to ui/pages/providers-page/onboarding per the decided delta (journey DEC-GM-024 text still names ui only)
- P&D applied CF-21, CF-24..CF-27, CF-29..CF-32 after the IE run; CF-28 closed by the TE4 re-issue
- KICKOFF-DECK stays BLOCKED per journey (copied verbatim; TE4-F9 re-check to Orchestrator); disclaimer placement RESOLVED_BY_PLANNING

blocker: None. Dispatch is pre-approved (DEC-GM-043); Orchestrator's first action is CF-21.
