**Verdict: PASS.** The V&V plan (`seit.json`) is complete for planning. The Plan Integrator still needs to apply 8 findings (TE-F1..TE-F8), and one of them may need your decision.

- **candidate_ref:** `/home/spectre/alphazede/Hackathons/Base`, branch `gridmarket/lifecycle-setup`, HEAD `0bfa50a300fe79a2b2722854438e7915aec158dc`.
- **changed_paths:** `docs/plans/2026-09-25-gridmarket/seit.json` (sha256 `90181b36…c0c1`) and `docs/plans/2026-09-25-gridmarket/specialists/test-engineer-receipt.md`. Nothing committed; no network used.
- **tests:**
  - The file validates against `seit.schema.json` (Draft 2020-12, jsonschema 4.25.1).
  - All 60 requirement and risk IDs (47 AC, 13 RISK) have a traceability row.
  - Every requirement, design and command ID cited in a proof case resolves.
  - Every command ID proposed in `slice-graph.md` exists in `seit.json`.
  - The 68 row IDs are unique, and every row has exactly the 8 required fields.
  - `actor` is set only on commands that exactly one slice role runs.
- **content:**
  - 68 rows and 68 proof cases. Where one requirement is checked by more than one method (test plus live check, demo, benchmark or binary check), it has one row per method.
  - The Worker burst case is row SEIT-GM-EDGE-03 on `node --test ercot-hackathon/test/`: 40 requests from each of 10 addresses, pass only if ERCOT calls stay at 25 or fewer and every over-limit client gets 429.
  - The phase 1 and phase 2 acceptance rows carry explicit SC-1..SC-11 checklists.
  - Gates:
    - **Red-then-green:** the same test IDs fail in the Test Implementer slice and pass in the Product Implementer slice.
    - **Changed-line coverage:** pytest-cov + diff-cover, at least 80%. No new dependency is needed; S01 already lists both.
    - **Mutation:** mutmut on `market.py`, score at least 0.70, run once at the Lifecycle assurance boundary.
    - **Reverify:** used only on the Rust extension, and only if that lane merges.
    - A missing tool or a gate that did not run counts as a gap, never PASS.
  - I added three commands beyond the proposed list: CMD-MUTATION, CMD-RULES and CMD-REVERIFY-RUST.
- **findings** (exact proposed text is in the `planning_findings_for_plan_integrator` section of `seit.json`):
  - **TE-F1:** S04 and S07 need CMD-RED-GREEN, or the dashboard tests have no red and green runs.
  - **TE-F2:** S01 must create the Makefile targets, the mutmut config, a `.gitignore` entry for `backend/mutants/`, and a block on outbound network in the test setup.
  - **TE-F3:** as designed, a smoke run reads the untracked `.env` through compose's `env_file`. It would pick up the Worker URL and key and start the poller against the shared ERCOT budget. The fix is `env_file: ${GM_ENV_FILE:-../.env}`, with the smoke run pointing it at `/dev/null`.
  - **TE-F4:** add CMD-RULES to S09 and S18.
  - **TE-F5:** the Lifecycle assurance commands belong in `implementation.json`. Owner-run procedures must stay out of every slice's command list.
  - **TE-F6:** the live ERCOT check (S09) loads the market client key from `.env`. **Decision for you:** is that owner-only credential access? If yes, the check becomes owner-run instead of an Integration Engineer step.
  - **TE-F7:** in `journey.json`, the kickoff-deck item is still BLOCKED, although commit a63c8d2 transcribed the deck. The Orchestrator should update it.
  - **TE-F8:** in S10, the base-sim adapter tests already pass before the LoneStar work, so they count as regression checks, not tests expected to fail first.
- **blocker:** none.
