
=== route Cursor Agent/Grok 4.7/high attempt 1 ===
**Verdict: REPAIR_REQUIRED**

Candidate `2c96695a21fe4dc7e960c9e6bab0d510b298727d` against `c6bcb39f3d31eeb28a4a7d416a1b6d0cff00f90c`. Settlement never runs on the report id the poller writes, and the public score text states a false heat comparison. Both are reachable and fixable inside this phase.

Reverify: not applicable. No binary or ELF claim.
BRAN: unavailable (no `.bran/policy.yaml`).
Visual review: not run. The packet did not include a browser run; the UI findings below are from the live response shapes, not a screenshot.

## Findings

**F1 — P1.** `backend/gridmarket_server/market.py:401`
`settle()` selects `report_id='np6-905-cd'`. `ercot.py` stores `NP6-905-CD`. SQLite compares those strings as different, so a delivered hour with four real-time intervals never settles and cash is not updated.
Reproducer: store four 15-minute `NP6-905-CD` rows the way `parse_report` does, call `settle()` after the hour — `settlements` stays 0. The same rows renamed to `np6-905-cd` produce 1 settlement. `test_market.py:252` inserts the lowercase id, so the existing test does not catch this.
Repair: query `NP6-905-CD` and point the market test at that id.

**F2 — P2.** `backend/gridmarket_server/scoring.py:100`
Heat-stress detail is always `Temperature {n} F above 85 F threshold`. At 74°F the contribution is 0.0 and the text still says 74 is above 85.
Reproducer: `score_hour(..., temperature_f=74)` → `0.0`, detail `Temperature 74 F above 85 F threshold`.
Repair: say “above” only when `temperature_f > 85`; otherwise state the reading and that it is at or below the threshold.

**F3 — P2.** `backend/gridmarket_server/scoring.py:162`
Shadow prices are loaded `ORDER BY rowid DESC` into a dict, so the oldest row overwrites the newest. After the second `NP6-86-CD` poll, congestion uses the first sample stored.
Reproducer: rows `[("A", 100.0), ("A", 10.0)]` in that DESC order become `{"A": 10.0}`.
Repair: keep the newest value per constraint.

**F4 — P2.** `backend/gridmarket_server/scoring.py:158`
`predict()` calls `signals.latest(report, zone)` for every open hour. DES-GM-SCORE uses the day-ahead price and the temperature for that delivery hour. Two Houston hours, day-ahead 10 then 90, both came back `Day-ahead 90 vs real-time 0`.
Repair: select the signal interval for `delivery_hour`.

**F5 — P2.** `backend/gridmarket_server/market.py:515` and `dashboard/src/pages/Overview.tsx:87`
`GET /v1/market/activity` returns `id`, `entry_type`, `subject_id`, `created_at`. Overview reads `type`, `label`, `symbol`, `side`, `quantity`, `price_cents`, `reason`. A live fill renders as an unlabeled `undefined @ $NaN` row. The Overview test passes only because `overview.json` uses the other shape.
Repair: return the activity fields Overview renders (display name or key label, symbol, side, quantity, price, rejection reason).

**F6 — P2.** `backend/gridmarket_server/bots_api.py:3` and `dashboard/src/pages/Overview.tsx:34`
Seed writes the `bots` table. `GET /v1/bots` is 404 because the router has no route. Overview puts `bots.error` on the participants panel, so that card stays on “Feed unavailable” even when `/v1/providers` is fine.
Reproducer: `TestClient` `GET /v1/bots` → 404.
Repair: serve the seeded rows (`id`, `provider_id` is enough for the counts) so the panel can render.

## DIR-P1a-14

1. **Confirmed.** The sentence at `scoring.py:100` says “above” for 74°F. The numeric factor is already `max(temperature - 85, 0)`, so only the detail string is wrong. See F2.
2. **Dismissed as a zone-mapping defect.** Points are Houston `(29.76, -95.37)`, Dallas `(32.78, -96.80)`, San Antonio `(29.42, -98.49)`, Midland `(31.99, -102.08)`. The poller serves two zones per tick from `_next_zone = 0`, so the first tick is only `LZ_HOUSTON` and `LZ_NORTH`. `LZ_SOUTH` and `LZ_WEST` have no `NWS-TEMP` row yet, and `scoring.py:220` defaults a missing signal to 0. That 0 is warm-up, then the same false “above 85” sentence.
3. **Dismissed.** `test_market.py` and `test_api.py` each use a function-scoped `tmp_path` database. HTTP is in-process `TestClient` or port 0 (`test_sdk.py`, `test_nws.py`, `test_ercot.py`). Nothing shares a fixed port or a session database. The 20-thread capacity test is one test, one database, on purpose. No flake was reproduced.

## Security

Bearer checks match the stored SHA-256 (`api.py:111`). The admin key uses `hmac.compare_digest`, and admin calls with `CF-Connecting-IP` or a non-loopback peer are rejected (`api.py:46`). Keys are `secrets.token_urlsafe`; bot keys are HMAC-SHA256. Product SQL is parameterized. CORS is the exact `GRIDMARKET_CORS_ORIGIN` on public GETs, with `Vary: Origin`. `.env.example` has names only. The worker allowlists the five reports and requires `x-gridmarket-key` on report routes; the ERCOT password stays in the worker env.

## OCR

Delegation: `ocr delegate preview --from c6bcb39 --to 2c96695`, then `ocr delegate rule` on the reviewable sources. 62 reviewable, 26 excluded (locks, fixtures, markdown, tests). Tests were still read for DIR-P1a-14.

| Rule group | Files | Result |
| --- | --- | --- |
| Python correctness, security, concurrency | `api.py`, `market.py`, `ercot.py`, `nws.py`, `scoring.py`, `keys.py`, `main.py`, `contracts.py`, `seed.py`, `base_sim.py`, providers, SDK, `trade.py` | F1–F4. No `eval`, no concatenated product SQL, no secret logs. |
| Default (schema, Dockerfile, Makefile) | `schema.sql`, `deploy/Dockerfile`, `Makefile` | Append-only triggers present. Image runs as uid 10001 with a loopback healthcheck. |
| TS/JS security and React | `Overview.tsx`, `Shell.tsx`, `App.tsx`, `api.ts`, `hooks.ts`, worker `index.js`, `snapshot.js`, `security.test.mjs` | F5–F6. No `eval`, `innerHTML`, or `var`. Worker CORS `*` does not bypass the report key. |
| YAML keys | `deploy/compose.yaml` | Keys are spelled as written. App is bound to `127.0.0.1`. |

Stub pages, CSS, and the remaining HTML views were in the preview set and showed no separate defect under those rules.
